MPLINK 5.09, LINKER
Linker Map File - Created Sat Oct 16 13:17:56 2021

                                 Section Info
                  Section       Type    Address   Location Size(Bytes)
                ---------  ---------  ---------  ---------  ---------
                 RES_VECT       code   0x000000    program   0x000002
                   .cinit    romdata   0x000001    program   0x000004
                MAIN_PROG       code   0x000003    program   0x000280
.config_2007_BUILD/DEFAULT/PRODUCTION/NEWPIC_       code   0x002007    program   0x000002



                              Program Memory Usage 
                               Start         End      
                           ---------   ---------      
                            0x000000    0x000142      
                            0x002007    0x002007      
            324 out of 8454 program addresses used, program memory utilization is 3%



                              Symbols - Sorted by Name
                     Name    Address   Location    Storage File                     
                ---------  ---------  ---------  --------- ---------                
                LOOPWZOR2   0x000033    program     static C:\Users\w3wl\OneDrive - Politechnika Wroclawska\STUDIA\studia sem7\SYSTEMY WBUDOWANE\PROJEKT\1\zadanie1_a.X\newpic_8b_simple.asm
                LOOPWZOR4   0x000045    program     static C:\Users\w3wl\OneDrive - Politechnika Wroclawska\STUDIA\studia sem7\SYSTEMY WBUDOWANE\PROJEKT\1\zadanie1_a.X\newpic_8b_simple.asm
                LOOPWZOR6   0x000059    program     static C:\Users\w3wl\OneDrive - Politechnika Wroclawska\STUDIA\studia sem7\SYSTEMY WBUDOWANE\PROJEKT\1\zadanie1_a.X\newpic_8b_simple.asm
                LOOPWZOR8   0x00006b    program     static C:\Users\w3wl\OneDrive - Politechnika Wroclawska\STUDIA\studia sem7\SYSTEMY WBUDOWANE\PROJEKT\1\zadanie1_a.X\newpic_8b_simple.asm
               PETLAGOWNA   0x00000b    program     static C:\Users\w3wl\OneDrive - Politechnika Wroclawska\STUDIA\studia sem7\SYSTEMY WBUDOWANE\PROJEKT\1\zadanie1_a.X\newpic_8b_simple.asm
                   POWROT   0x00001b    program     static C:\Users\w3wl\OneDrive - Politechnika Wroclawska\STUDIA\studia sem7\SYSTEMY WBUDOWANE\PROJEKT\1\zadanie1_a.X\newpic_8b_simple.asm
              POWROTWZOR1   0x00002c    program     static C:\Users\w3wl\OneDrive - Politechnika Wroclawska\STUDIA\studia sem7\SYSTEMY WBUDOWANE\PROJEKT\1\zadanie1_a.X\newpic_8b_simple.asm
            POWROTWZOR1_2   0x000032    program     static C:\Users\w3wl\OneDrive - Politechnika Wroclawska\STUDIA\studia sem7\SYSTEMY WBUDOWANE\PROJEKT\1\zadanie1_a.X\newpic_8b_simple.asm
      POWROTWZOR2PRZESKOK   0x00003c    program     static C:\Users\w3wl\OneDrive - Politechnika Wroclawska\STUDIA\studia sem7\SYSTEMY WBUDOWANE\PROJEKT\1\zadanie1_a.X\newpic_8b_simple.asm
            POWROTWZOR2_1   0x000036    program     static C:\Users\w3wl\OneDrive - Politechnika Wroclawska\STUDIA\studia sem7\SYSTEMY WBUDOWANE\PROJEKT\1\zadanie1_a.X\newpic_8b_simple.asm
      POWROTWZOR3PRZESKOK   0x000044    program     static C:\Users\w3wl\OneDrive - Politechnika Wroclawska\STUDIA\studia sem7\SYSTEMY WBUDOWANE\PROJEKT\1\zadanie1_a.X\newpic_8b_simple.asm
              POWROTWZOR4   0x000049    program     static C:\Users\w3wl\OneDrive - Politechnika Wroclawska\STUDIA\studia sem7\SYSTEMY WBUDOWANE\PROJEKT\1\zadanie1_a.X\newpic_8b_simple.asm
    POWROTWZOR4PRZESKOK_1   0x00004d    program     static C:\Users\w3wl\OneDrive - Politechnika Wroclawska\STUDIA\studia sem7\SYSTEMY WBUDOWANE\PROJEKT\1\zadanie1_a.X\newpic_8b_simple.asm
    POWROTWZOR4PRZESKOK_2   0x000051    program     static C:\Users\w3wl\OneDrive - Politechnika Wroclawska\STUDIA\studia sem7\SYSTEMY WBUDOWANE\PROJEKT\1\zadanie1_a.X\newpic_8b_simple.asm
              POWROTWZOR5   0x000052    program     static C:\Users\w3wl\OneDrive - Politechnika Wroclawska\STUDIA\studia sem7\SYSTEMY WBUDOWANE\PROJEKT\1\zadanie1_a.X\newpic_8b_simple.asm
            POWROTWZOR5_2   0x000058    program     static C:\Users\w3wl\OneDrive - Politechnika Wroclawska\STUDIA\studia sem7\SYSTEMY WBUDOWANE\PROJEKT\1\zadanie1_a.X\newpic_8b_simple.asm
      POWROTWZOR6PRZESKOK   0x000062    program     static C:\Users\w3wl\OneDrive - Politechnika Wroclawska\STUDIA\studia sem7\SYSTEMY WBUDOWANE\PROJEKT\1\zadanie1_a.X\newpic_8b_simple.asm
            POWROTWZOR6_1   0x00005c    program     static C:\Users\w3wl\OneDrive - Politechnika Wroclawska\STUDIA\studia sem7\SYSTEMY WBUDOWANE\PROJEKT\1\zadanie1_a.X\newpic_8b_simple.asm
      POWROTWZOR7PRZESKOK   0x00006a    program     static C:\Users\w3wl\OneDrive - Politechnika Wroclawska\STUDIA\studia sem7\SYSTEMY WBUDOWANE\PROJEKT\1\zadanie1_a.X\newpic_8b_simple.asm
              POWROTWZOR8   0x00006f    program     static C:\Users\w3wl\OneDrive - Politechnika Wroclawska\STUDIA\studia sem7\SYSTEMY WBUDOWANE\PROJEKT\1\zadanie1_a.X\newpic_8b_simple.asm
    POWROTWZOR8PRZESKOK_1   0x000073    program     static C:\Users\w3wl\OneDrive - Politechnika Wroclawska\STUDIA\studia sem7\SYSTEMY WBUDOWANE\PROJEKT\1\zadanie1_a.X\newpic_8b_simple.asm
    POWROTWZOR8PRZESKOK_2   0x000077    program     static C:\Users\w3wl\OneDrive - Politechnika Wroclawska\STUDIA\studia sem7\SYSTEMY WBUDOWANE\PROJEKT\1\zadanie1_a.X\newpic_8b_simple.asm
          PRZERWAPRZERWA1   0x00007d    program     static C:\Users\w3wl\OneDrive - Politechnika Wroclawska\STUDIA\studia sem7\SYSTEMY WBUDOWANE\PROJEKT\1\zadanie1_a.X\newpic_8b_simple.asm
        PRZERWAPRZERWA2_1   0x000086    program     static C:\Users\w3wl\OneDrive - Politechnika Wroclawska\STUDIA\studia sem7\SYSTEMY WBUDOWANE\PROJEKT\1\zadanie1_a.X\newpic_8b_simple.asm
        PRZERWAPRZERWA2_2   0x00008f    program     static C:\Users\w3wl\OneDrive - Politechnika Wroclawska\STUDIA\studia sem7\SYSTEMY WBUDOWANE\PROJEKT\1\zadanie1_a.X\newpic_8b_simple.asm
          PRZERWAPRZERWA3   0x000098    program     static C:\Users\w3wl\OneDrive - Politechnika Wroclawska\STUDIA\studia sem7\SYSTEMY WBUDOWANE\PROJEKT\1\zadanie1_a.X\newpic_8b_simple.asm
          PRZERWAPRZERWA4   0x0000a1    program     static C:\Users\w3wl\OneDrive - Politechnika Wroclawska\STUDIA\studia sem7\SYSTEMY WBUDOWANE\PROJEKT\1\zadanie1_a.X\newpic_8b_simple.asm
          PRZERWAPRZERWA5   0x0000aa    program     static C:\Users\w3wl\OneDrive - Politechnika Wroclawska\STUDIA\studia sem7\SYSTEMY WBUDOWANE\PROJEKT\1\zadanie1_a.X\newpic_8b_simple.asm
        PRZERWAPRZERWA6_1   0x0000b3    program     static C:\Users\w3wl\OneDrive - Politechnika Wroclawska\STUDIA\studia sem7\SYSTEMY WBUDOWANE\PROJEKT\1\zadanie1_a.X\newpic_8b_simple.asm
        PRZERWAPRZERWA6_2   0x0000bc    program     static C:\Users\w3wl\OneDrive - Politechnika Wroclawska\STUDIA\studia sem7\SYSTEMY WBUDOWANE\PROJEKT\1\zadanie1_a.X\newpic_8b_simple.asm
          PRZERWAPRZERWA7   0x0000c5    program     static C:\Users\w3wl\OneDrive - Politechnika Wroclawska\STUDIA\studia sem7\SYSTEMY WBUDOWANE\PROJEKT\1\zadanie1_a.X\newpic_8b_simple.asm
          PRZERWAPRZERWA8   0x0000ce    program     static C:\Users\w3wl\OneDrive - Politechnika Wroclawska\STUDIA\studia sem7\SYSTEMY WBUDOWANE\PROJEKT\1\zadanie1_a.X\newpic_8b_simple.asm
             PRZERWAWZOR1   0x000078    program     static C:\Users\w3wl\OneDrive - Politechnika Wroclawska\STUDIA\studia sem7\SYSTEMY WBUDOWANE\PROJEKT\1\zadanie1_a.X\newpic_8b_simple.asm
           PRZERWAWZOR2_1   0x000081    program     static C:\Users\w3wl\OneDrive - Politechnika Wroclawska\STUDIA\studia sem7\SYSTEMY WBUDOWANE\PROJEKT\1\zadanie1_a.X\newpic_8b_simple.asm
           PRZERWAWZOR2_2   0x00008a    program     static C:\Users\w3wl\OneDrive - Politechnika Wroclawska\STUDIA\studia sem7\SYSTEMY WBUDOWANE\PROJEKT\1\zadanie1_a.X\newpic_8b_simple.asm
             PRZERWAWZOR3   0x000093    program     static C:\Users\w3wl\OneDrive - Politechnika Wroclawska\STUDIA\studia sem7\SYSTEMY WBUDOWANE\PROJEKT\1\zadanie1_a.X\newpic_8b_simple.asm
             PRZERWAWZOR4   0x00009c    program     static C:\Users\w3wl\OneDrive - Politechnika Wroclawska\STUDIA\studia sem7\SYSTEMY WBUDOWANE\PROJEKT\1\zadanie1_a.X\newpic_8b_simple.asm
             PRZERWAWZOR5   0x0000a5    program     static C:\Users\w3wl\OneDrive - Politechnika Wroclawska\STUDIA\studia sem7\SYSTEMY WBUDOWANE\PROJEKT\1\zadanie1_a.X\newpic_8b_simple.asm
           PRZERWAWZOR6_1   0x0000ae    program     static C:\Users\w3wl\OneDrive - Politechnika Wroclawska\STUDIA\studia sem7\SYSTEMY WBUDOWANE\PROJEKT\1\zadanie1_a.X\newpic_8b_simple.asm
           PRZERWAWZOR6_2   0x0000b7    program     static C:\Users\w3wl\OneDrive - Politechnika Wroclawska\STUDIA\studia sem7\SYSTEMY WBUDOWANE\PROJEKT\1\zadanie1_a.X\newpic_8b_simple.asm
             PRZERWAWZOR7   0x0000c0    program     static C:\Users\w3wl\OneDrive - Politechnika Wroclawska\STUDIA\studia sem7\SYSTEMY WBUDOWANE\PROJEKT\1\zadanie1_a.X\newpic_8b_simple.asm
             PRZERWAWZOR8   0x0000c9    program     static C:\Users\w3wl\OneDrive - Politechnika Wroclawska\STUDIA\studia sem7\SYSTEMY WBUDOWANE\PROJEKT\1\zadanie1_a.X\newpic_8b_simple.asm
            PRZESKOKWZOR1   0x000116    program     static C:\Users\w3wl\OneDrive - Politechnika Wroclawska\STUDIA\studia sem7\SYSTEMY WBUDOWANE\PROJEKT\1\zadanie1_a.X\newpic_8b_simple.asm
            PRZESKOKWZOR2   0x00011a    program     static C:\Users\w3wl\OneDrive - Politechnika Wroclawska\STUDIA\studia sem7\SYSTEMY WBUDOWANE\PROJEKT\1\zadanie1_a.X\newpic_8b_simple.asm
            PRZESKOKWZOR3   0x00011f    program     static C:\Users\w3wl\OneDrive - Politechnika Wroclawska\STUDIA\studia sem7\SYSTEMY WBUDOWANE\PROJEKT\1\zadanie1_a.X\newpic_8b_simple.asm
          PRZESKOKWZOR4_1   0x000124    program     static C:\Users\w3wl\OneDrive - Politechnika Wroclawska\STUDIA\studia sem7\SYSTEMY WBUDOWANE\PROJEKT\1\zadanie1_a.X\newpic_8b_simple.asm
          PRZESKOKWZOR4_2   0x000128    program     static C:\Users\w3wl\OneDrive - Politechnika Wroclawska\STUDIA\studia sem7\SYSTEMY WBUDOWANE\PROJEKT\1\zadanie1_a.X\newpic_8b_simple.asm
            PRZESKOKWZOR5   0x00012c    program     static C:\Users\w3wl\OneDrive - Politechnika Wroclawska\STUDIA\studia sem7\SYSTEMY WBUDOWANE\PROJEKT\1\zadanie1_a.X\newpic_8b_simple.asm
            PRZESKOKWZOR6   0x000130    program     static C:\Users\w3wl\OneDrive - Politechnika Wroclawska\STUDIA\studia sem7\SYSTEMY WBUDOWANE\PROJEKT\1\zadanie1_a.X\newpic_8b_simple.asm
            PRZESKOKWZOR7   0x000135    program     static C:\Users\w3wl\OneDrive - Politechnika Wroclawska\STUDIA\studia sem7\SYSTEMY WBUDOWANE\PROJEKT\1\zadanie1_a.X\newpic_8b_simple.asm
          PRZESKOKWZOR8_1   0x00013a    program     static C:\Users\w3wl\OneDrive - Politechnika Wroclawska\STUDIA\studia sem7\SYSTEMY WBUDOWANE\PROJEKT\1\zadanie1_a.X\newpic_8b_simple.asm
          PRZESKOKWZOR8_2   0x00013e    program     static C:\Users\w3wl\OneDrive - Politechnika Wroclawska\STUDIA\studia sem7\SYSTEMY WBUDOWANE\PROJEKT\1\zadanie1_a.X\newpic_8b_simple.asm
                    START   0x000003    program     static C:\Users\w3wl\OneDrive - Politechnika Wroclawska\STUDIA\studia sem7\SYSTEMY WBUDOWANE\PROJEKT\1\zadanie1_a.X\newpic_8b_simple.asm
                  USTAWW1   0x0000d2    program     static C:\Users\w3wl\OneDrive - Politechnika Wroclawska\STUDIA\studia sem7\SYSTEMY WBUDOWANE\PROJEKT\1\zadanie1_a.X\newpic_8b_simple.asm
                  USTAWW2   0x0000d9    program     static C:\Users\w3wl\OneDrive - Politechnika Wroclawska\STUDIA\studia sem7\SYSTEMY WBUDOWANE\PROJEKT\1\zadanie1_a.X\newpic_8b_simple.asm
                  USTAWW3   0x0000e2    program     static C:\Users\w3wl\OneDrive - Politechnika Wroclawska\STUDIA\studia sem7\SYSTEMY WBUDOWANE\PROJEKT\1\zadanie1_a.X\newpic_8b_simple.asm
                  USTAWW4   0x0000e9    program     static C:\Users\w3wl\OneDrive - Politechnika Wroclawska\STUDIA\studia sem7\SYSTEMY WBUDOWANE\PROJEKT\1\zadanie1_a.X\newpic_8b_simple.asm
                  USTAWW5   0x0000f4    program     static C:\Users\w3wl\OneDrive - Politechnika Wroclawska\STUDIA\studia sem7\SYSTEMY WBUDOWANE\PROJEKT\1\zadanie1_a.X\newpic_8b_simple.asm
                  USTAWW6   0x0000fb    program     static C:\Users\w3wl\OneDrive - Politechnika Wroclawska\STUDIA\studia sem7\SYSTEMY WBUDOWANE\PROJEKT\1\zadanie1_a.X\newpic_8b_simple.asm
                  USTAWW7   0x000104    program     static C:\Users\w3wl\OneDrive - Politechnika Wroclawska\STUDIA\studia sem7\SYSTEMY WBUDOWANE\PROJEKT\1\zadanie1_a.X\newpic_8b_simple.asm
                  USTAWW8   0x00010b    program     static C:\Users\w3wl\OneDrive - Politechnika Wroclawska\STUDIA\studia sem7\SYSTEMY WBUDOWANE\PROJEKT\1\zadanie1_a.X\newpic_8b_simple.asm
                    WZOR1   0x00002c    program     static C:\Users\w3wl\OneDrive - Politechnika Wroclawska\STUDIA\studia sem7\SYSTEMY WBUDOWANE\PROJEKT\1\zadanie1_a.X\newpic_8b_simple.asm
                    WZOR2   0x000033    program     static C:\Users\w3wl\OneDrive - Politechnika Wroclawska\STUDIA\studia sem7\SYSTEMY WBUDOWANE\PROJEKT\1\zadanie1_a.X\newpic_8b_simple.asm
                    WZOR3   0x00003d    program     static C:\Users\w3wl\OneDrive - Politechnika Wroclawska\STUDIA\studia sem7\SYSTEMY WBUDOWANE\PROJEKT\1\zadanie1_a.X\newpic_8b_simple.asm
                    WZOR4   0x000045    program     static C:\Users\w3wl\OneDrive - Politechnika Wroclawska\STUDIA\studia sem7\SYSTEMY WBUDOWANE\PROJEKT\1\zadanie1_a.X\newpic_8b_simple.asm
                    WZOR5   0x000052    program     static C:\Users\w3wl\OneDrive - Politechnika Wroclawska\STUDIA\studia sem7\SYSTEMY WBUDOWANE\PROJEKT\1\zadanie1_a.X\newpic_8b_simple.asm
                    WZOR6   0x000059    program     static C:\Users\w3wl\OneDrive - Politechnika Wroclawska\STUDIA\studia sem7\SYSTEMY WBUDOWANE\PROJEKT\1\zadanie1_a.X\newpic_8b_simple.asm
                    WZOR7   0x000063    program     static C:\Users\w3wl\OneDrive - Politechnika Wroclawska\STUDIA\studia sem7\SYSTEMY WBUDOWANE\PROJEKT\1\zadanie1_a.X\newpic_8b_simple.asm
                    WZOR8   0x00006b    program     static C:\Users\w3wl\OneDrive - Politechnika Wroclawska\STUDIA\studia sem7\SYSTEMY WBUDOWANE\PROJEKT\1\zadanie1_a.X\newpic_8b_simple.asm
          _MAIN_PROG_013F   0x000142    program     static C:\Users\w3wl\OneDrive - Politechnika Wroclawska\STUDIA\studia sem7\SYSTEMY WBUDOWANE\PROJEKT\1\zadanie1_a.X\newpic_8b_simple.asm



                              Symbols - Sorted by Address
                     Name    Address   Location    Storage File                     
                ---------  ---------  ---------  --------- ---------                
                    START   0x000003    program     static C:\Users\w3wl\OneDrive - Politechnika Wroclawska\STUDIA\studia sem7\SYSTEMY WBUDOWANE\PROJEKT\1\zadanie1_a.X\newpic_8b_simple.asm
               PETLAGOWNA   0x00000b    program     static C:\Users\w3wl\OneDrive - Politechnika Wroclawska\STUDIA\studia sem7\SYSTEMY WBUDOWANE\PROJEKT\1\zadanie1_a.X\newpic_8b_simple.asm
                   POWROT   0x00001b    program     static C:\Users\w3wl\OneDrive - Politechnika Wroclawska\STUDIA\studia sem7\SYSTEMY WBUDOWANE\PROJEKT\1\zadanie1_a.X\newpic_8b_simple.asm
                    WZOR1   0x00002c    program     static C:\Users\w3wl\OneDrive - Politechnika Wroclawska\STUDIA\studia sem7\SYSTEMY WBUDOWANE\PROJEKT\1\zadanie1_a.X\newpic_8b_simple.asm
              POWROTWZOR1   0x00002c    program     static C:\Users\w3wl\OneDrive - Politechnika Wroclawska\STUDIA\studia sem7\SYSTEMY WBUDOWANE\PROJEKT\1\zadanie1_a.X\newpic_8b_simple.asm
            POWROTWZOR1_2   0x000032    program     static C:\Users\w3wl\OneDrive - Politechnika Wroclawska\STUDIA\studia sem7\SYSTEMY WBUDOWANE\PROJEKT\1\zadanie1_a.X\newpic_8b_simple.asm
                    WZOR2   0x000033    program     static C:\Users\w3wl\OneDrive - Politechnika Wroclawska\STUDIA\studia sem7\SYSTEMY WBUDOWANE\PROJEKT\1\zadanie1_a.X\newpic_8b_simple.asm
                LOOPWZOR2   0x000033    program     static C:\Users\w3wl\OneDrive - Politechnika Wroclawska\STUDIA\studia sem7\SYSTEMY WBUDOWANE\PROJEKT\1\zadanie1_a.X\newpic_8b_simple.asm
            POWROTWZOR2_1   0x000036    program     static C:\Users\w3wl\OneDrive - Politechnika Wroclawska\STUDIA\studia sem7\SYSTEMY WBUDOWANE\PROJEKT\1\zadanie1_a.X\newpic_8b_simple.asm
      POWROTWZOR2PRZESKOK   0x00003c    program     static C:\Users\w3wl\OneDrive - Politechnika Wroclawska\STUDIA\studia sem7\SYSTEMY WBUDOWANE\PROJEKT\1\zadanie1_a.X\newpic_8b_simple.asm
                    WZOR3   0x00003d    program     static C:\Users\w3wl\OneDrive - Politechnika Wroclawska\STUDIA\studia sem7\SYSTEMY WBUDOWANE\PROJEKT\1\zadanie1_a.X\newpic_8b_simple.asm
      POWROTWZOR3PRZESKOK   0x000044    program     static C:\Users\w3wl\OneDrive - Politechnika Wroclawska\STUDIA\studia sem7\SYSTEMY WBUDOWANE\PROJEKT\1\zadanie1_a.X\newpic_8b_simple.asm
                LOOPWZOR4   0x000045    program     static C:\Users\w3wl\OneDrive - Politechnika Wroclawska\STUDIA\studia sem7\SYSTEMY WBUDOWANE\PROJEKT\1\zadanie1_a.X\newpic_8b_simple.asm
                    WZOR4   0x000045    program     static C:\Users\w3wl\OneDrive - Politechnika Wroclawska\STUDIA\studia sem7\SYSTEMY WBUDOWANE\PROJEKT\1\zadanie1_a.X\newpic_8b_simple.asm
              POWROTWZOR4   0x000049    program     static C:\Users\w3wl\OneDrive - Politechnika Wroclawska\STUDIA\studia sem7\SYSTEMY WBUDOWANE\PROJEKT\1\zadanie1_a.X\newpic_8b_simple.asm
    POWROTWZOR4PRZESKOK_1   0x00004d    program     static C:\Users\w3wl\OneDrive - Politechnika Wroclawska\STUDIA\studia sem7\SYSTEMY WBUDOWANE\PROJEKT\1\zadanie1_a.X\newpic_8b_simple.asm
    POWROTWZOR4PRZESKOK_2   0x000051    program     static C:\Users\w3wl\OneDrive - Politechnika Wroclawska\STUDIA\studia sem7\SYSTEMY WBUDOWANE\PROJEKT\1\zadanie1_a.X\newpic_8b_simple.asm
              POWROTWZOR5   0x000052    program     static C:\Users\w3wl\OneDrive - Politechnika Wroclawska\STUDIA\studia sem7\SYSTEMY WBUDOWANE\PROJEKT\1\zadanie1_a.X\newpic_8b_simple.asm
                    WZOR5   0x000052    program     static C:\Users\w3wl\OneDrive - Politechnika Wroclawska\STUDIA\studia sem7\SYSTEMY WBUDOWANE\PROJEKT\1\zadanie1_a.X\newpic_8b_simple.asm
            POWROTWZOR5_2   0x000058    program     static C:\Users\w3wl\OneDrive - Politechnika Wroclawska\STUDIA\studia sem7\SYSTEMY WBUDOWANE\PROJEKT\1\zadanie1_a.X\newpic_8b_simple.asm
                    WZOR6   0x000059    program     static C:\Users\w3wl\OneDrive - Politechnika Wroclawska\STUDIA\studia sem7\SYSTEMY WBUDOWANE\PROJEKT\1\zadanie1_a.X\newpic_8b_simple.asm
                LOOPWZOR6   0x000059    program     static C:\Users\w3wl\OneDrive - Politechnika Wroclawska\STUDIA\studia sem7\SYSTEMY WBUDOWANE\PROJEKT\1\zadanie1_a.X\newpic_8b_simple.asm
            POWROTWZOR6_1   0x00005c    program     static C:\Users\w3wl\OneDrive - Politechnika Wroclawska\STUDIA\studia sem7\SYSTEMY WBUDOWANE\PROJEKT\1\zadanie1_a.X\newpic_8b_simple.asm
      POWROTWZOR6PRZESKOK   0x000062    program     static C:\Users\w3wl\OneDrive - Politechnika Wroclawska\STUDIA\studia sem7\SYSTEMY WBUDOWANE\PROJEKT\1\zadanie1_a.X\newpic_8b_simple.asm
                    WZOR7   0x000063    program     static C:\Users\w3wl\OneDrive - Politechnika Wroclawska\STUDIA\studia sem7\SYSTEMY WBUDOWANE\PROJEKT\1\zadanie1_a.X\newpic_8b_simple.asm
      POWROTWZOR7PRZESKOK   0x00006a    program     static C:\Users\w3wl\OneDrive - Politechnika Wroclawska\STUDIA\studia sem7\SYSTEMY WBUDOWANE\PROJEKT\1\zadanie1_a.X\newpic_8b_simple.asm
                    WZOR8   0x00006b    program     static C:\Users\w3wl\OneDrive - Politechnika Wroclawska\STUDIA\studia sem7\SYSTEMY WBUDOWANE\PROJEKT\1\zadanie1_a.X\newpic_8b_simple.asm
                LOOPWZOR8   0x00006b    program     static C:\Users\w3wl\OneDrive - Politechnika Wroclawska\STUDIA\studia sem7\SYSTEMY WBUDOWANE\PROJEKT\1\zadanie1_a.X\newpic_8b_simple.asm
              POWROTWZOR8   0x00006f    program     static C:\Users\w3wl\OneDrive - Politechnika Wroclawska\STUDIA\studia sem7\SYSTEMY WBUDOWANE\PROJEKT\1\zadanie1_a.X\newpic_8b_simple.asm
    POWROTWZOR8PRZESKOK_1   0x000073    program     static C:\Users\w3wl\OneDrive - Politechnika Wroclawska\STUDIA\studia sem7\SYSTEMY WBUDOWANE\PROJEKT\1\zadanie1_a.X\newpic_8b_simple.asm
    POWROTWZOR8PRZESKOK_2   0x000077    program     static C:\Users\w3wl\OneDrive - Politechnika Wroclawska\STUDIA\studia sem7\SYSTEMY WBUDOWANE\PROJEKT\1\zadanie1_a.X\newpic_8b_simple.asm
             PRZERWAWZOR1   0x000078    program     static C:\Users\w3wl\OneDrive - Politechnika Wroclawska\STUDIA\studia sem7\SYSTEMY WBUDOWANE\PROJEKT\1\zadanie1_a.X\newpic_8b_simple.asm
          PRZERWAPRZERWA1   0x00007d    program     static C:\Users\w3wl\OneDrive - Politechnika Wroclawska\STUDIA\studia sem7\SYSTEMY WBUDOWANE\PROJEKT\1\zadanie1_a.X\newpic_8b_simple.asm
           PRZERWAWZOR2_1   0x000081    program     static C:\Users\w3wl\OneDrive - Politechnika Wroclawska\STUDIA\studia sem7\SYSTEMY WBUDOWANE\PROJEKT\1\zadanie1_a.X\newpic_8b_simple.asm
        PRZERWAPRZERWA2_1   0x000086    program     static C:\Users\w3wl\OneDrive - Politechnika Wroclawska\STUDIA\studia sem7\SYSTEMY WBUDOWANE\PROJEKT\1\zadanie1_a.X\newpic_8b_simple.asm
           PRZERWAWZOR2_2   0x00008a    program     static C:\Users\w3wl\OneDrive - Politechnika Wroclawska\STUDIA\studia sem7\SYSTEMY WBUDOWANE\PROJEKT\1\zadanie1_a.X\newpic_8b_simple.asm
        PRZERWAPRZERWA2_2   0x00008f    program     static C:\Users\w3wl\OneDrive - Politechnika Wroclawska\STUDIA\studia sem7\SYSTEMY WBUDOWANE\PROJEKT\1\zadanie1_a.X\newpic_8b_simple.asm
             PRZERWAWZOR3   0x000093    program     static C:\Users\w3wl\OneDrive - Politechnika Wroclawska\STUDIA\studia sem7\SYSTEMY WBUDOWANE\PROJEKT\1\zadanie1_a.X\newpic_8b_simple.asm
          PRZERWAPRZERWA3   0x000098    program     static C:\Users\w3wl\OneDrive - Politechnika Wroclawska\STUDIA\studia sem7\SYSTEMY WBUDOWANE\PROJEKT\1\zadanie1_a.X\newpic_8b_simple.asm
             PRZERWAWZOR4   0x00009c    program     static C:\Users\w3wl\OneDrive - Politechnika Wroclawska\STUDIA\studia sem7\SYSTEMY WBUDOWANE\PROJEKT\1\zadanie1_a.X\newpic_8b_simple.asm
          PRZERWAPRZERWA4   0x0000a1    program     static C:\Users\w3wl\OneDrive - Politechnika Wroclawska\STUDIA\studia sem7\SYSTEMY WBUDOWANE\PROJEKT\1\zadanie1_a.X\newpic_8b_simple.asm
             PRZERWAWZOR5   0x0000a5    program     static C:\Users\w3wl\OneDrive - Politechnika Wroclawska\STUDIA\studia sem7\SYSTEMY WBUDOWANE\PROJEKT\1\zadanie1_a.X\newpic_8b_simple.asm
          PRZERWAPRZERWA5   0x0000aa    program     static C:\Users\w3wl\OneDrive - Politechnika Wroclawska\STUDIA\studia sem7\SYSTEMY WBUDOWANE\PROJEKT\1\zadanie1_a.X\newpic_8b_simple.asm
           PRZERWAWZOR6_1   0x0000ae    program     static C:\Users\w3wl\OneDrive - Politechnika Wroclawska\STUDIA\studia sem7\SYSTEMY WBUDOWANE\PROJEKT\1\zadanie1_a.X\newpic_8b_simple.asm
        PRZERWAPRZERWA6_1   0x0000b3    program     static C:\Users\w3wl\OneDrive - Politechnika Wroclawska\STUDIA\studia sem7\SYSTEMY WBUDOWANE\PROJEKT\1\zadanie1_a.X\newpic_8b_simple.asm
           PRZERWAWZOR6_2   0x0000b7    program     static C:\Users\w3wl\OneDrive - Politechnika Wroclawska\STUDIA\studia sem7\SYSTEMY WBUDOWANE\PROJEKT\1\zadanie1_a.X\newpic_8b_simple.asm
        PRZERWAPRZERWA6_2   0x0000bc    program     static C:\Users\w3wl\OneDrive - Politechnika Wroclawska\STUDIA\studia sem7\SYSTEMY WBUDOWANE\PROJEKT\1\zadanie1_a.X\newpic_8b_simple.asm
             PRZERWAWZOR7   0x0000c0    program     static C:\Users\w3wl\OneDrive - Politechnika Wroclawska\STUDIA\studia sem7\SYSTEMY WBUDOWANE\PROJEKT\1\zadanie1_a.X\newpic_8b_simple.asm
          PRZERWAPRZERWA7   0x0000c5    program     static C:\Users\w3wl\OneDrive - Politechnika Wroclawska\STUDIA\studia sem7\SYSTEMY WBUDOWANE\PROJEKT\1\zadanie1_a.X\newpic_8b_simple.asm
             PRZERWAWZOR8   0x0000c9    program     static C:\Users\w3wl\OneDrive - Politechnika Wroclawska\STUDIA\studia sem7\SYSTEMY WBUDOWANE\PROJEKT\1\zadanie1_a.X\newpic_8b_simple.asm
          PRZERWAPRZERWA8   0x0000ce    program     static C:\Users\w3wl\OneDrive - Politechnika Wroclawska\STUDIA\studia sem7\SYSTEMY WBUDOWANE\PROJEKT\1\zadanie1_a.X\newpic_8b_simple.asm
                  USTAWW1   0x0000d2    program     static C:\Users\w3wl\OneDrive - Politechnika Wroclawska\STUDIA\studia sem7\SYSTEMY WBUDOWANE\PROJEKT\1\zadanie1_a.X\newpic_8b_simple.asm
                  USTAWW2   0x0000d9    program     static C:\Users\w3wl\OneDrive - Politechnika Wroclawska\STUDIA\studia sem7\SYSTEMY WBUDOWANE\PROJEKT\1\zadanie1_a.X\newpic_8b_simple.asm
                  USTAWW3   0x0000e2    program     static C:\Users\w3wl\OneDrive - Politechnika Wroclawska\STUDIA\studia sem7\SYSTEMY WBUDOWANE\PROJEKT\1\zadanie1_a.X\newpic_8b_simple.asm
                  USTAWW4   0x0000e9    program     static C:\Users\w3wl\OneDrive - Politechnika Wroclawska\STUDIA\studia sem7\SYSTEMY WBUDOWANE\PROJEKT\1\zadanie1_a.X\newpic_8b_simple.asm
                  USTAWW5   0x0000f4    program     static C:\Users\w3wl\OneDrive - Politechnika Wroclawska\STUDIA\studia sem7\SYSTEMY WBUDOWANE\PROJEKT\1\zadanie1_a.X\newpic_8b_simple.asm
                  USTAWW6   0x0000fb    program     static C:\Users\w3wl\OneDrive - Politechnika Wroclawska\STUDIA\studia sem7\SYSTEMY WBUDOWANE\PROJEKT\1\zadanie1_a.X\newpic_8b_simple.asm
                  USTAWW7   0x000104    program     static C:\Users\w3wl\OneDrive - Politechnika Wroclawska\STUDIA\studia sem7\SYSTEMY WBUDOWANE\PROJEKT\1\zadanie1_a.X\newpic_8b_simple.asm
                  USTAWW8   0x00010b    program     static C:\Users\w3wl\OneDrive - Politechnika Wroclawska\STUDIA\studia sem7\SYSTEMY WBUDOWANE\PROJEKT\1\zadanie1_a.X\newpic_8b_simple.asm
            PRZESKOKWZOR1   0x000116    program     static C:\Users\w3wl\OneDrive - Politechnika Wroclawska\STUDIA\studia sem7\SYSTEMY WBUDOWANE\PROJEKT\1\zadanie1_a.X\newpic_8b_simple.asm
            PRZESKOKWZOR2   0x00011a    program     static C:\Users\w3wl\OneDrive - Politechnika Wroclawska\STUDIA\studia sem7\SYSTEMY WBUDOWANE\PROJEKT\1\zadanie1_a.X\newpic_8b_simple.asm
            PRZESKOKWZOR3   0x00011f    program     static C:\Users\w3wl\OneDrive - Politechnika Wroclawska\STUDIA\studia sem7\SYSTEMY WBUDOWANE\PROJEKT\1\zadanie1_a.X\newpic_8b_simple.asm
          PRZESKOKWZOR4_1   0x000124    program     static C:\Users\w3wl\OneDrive - Politechnika Wroclawska\STUDIA\studia sem7\SYSTEMY WBUDOWANE\PROJEKT\1\zadanie1_a.X\newpic_8b_simple.asm
          PRZESKOKWZOR4_2   0x000128    program     static C:\Users\w3wl\OneDrive - Politechnika Wroclawska\STUDIA\studia sem7\SYSTEMY WBUDOWANE\PROJEKT\1\zadanie1_a.X\newpic_8b_simple.asm
            PRZESKOKWZOR5   0x00012c    program     static C:\Users\w3wl\OneDrive - Politechnika Wroclawska\STUDIA\studia sem7\SYSTEMY WBUDOWANE\PROJEKT\1\zadanie1_a.X\newpic_8b_simple.asm
            PRZESKOKWZOR6   0x000130    program     static C:\Users\w3wl\OneDrive - Politechnika Wroclawska\STUDIA\studia sem7\SYSTEMY WBUDOWANE\PROJEKT\1\zadanie1_a.X\newpic_8b_simple.asm
            PRZESKOKWZOR7   0x000135    program     static C:\Users\w3wl\OneDrive - Politechnika Wroclawska\STUDIA\studia sem7\SYSTEMY WBUDOWANE\PROJEKT\1\zadanie1_a.X\newpic_8b_simple.asm
          PRZESKOKWZOR8_1   0x00013a    program     static C:\Users\w3wl\OneDrive - Politechnika Wroclawska\STUDIA\studia sem7\SYSTEMY WBUDOWANE\PROJEKT\1\zadanie1_a.X\newpic_8b_simple.asm
          PRZESKOKWZOR8_2   0x00013e    program     static C:\Users\w3wl\OneDrive - Politechnika Wroclawska\STUDIA\studia sem7\SYSTEMY WBUDOWANE\PROJEKT\1\zadanie1_a.X\newpic_8b_simple.asm
          _MAIN_PROG_013F   0x000142    program     static C:\Users\w3wl\OneDrive - Politechnika Wroclawska\STUDIA\studia sem7\SYSTEMY WBUDOWANE\PROJEKT\1\zadanie1_a.X\newpic_8b_simple.asm


